[2026-09-27T17:18:48Z] alpine smoke start (concurrency 3, scheduler smoke)
[2026-09-27T17:28:27Z] alpine smoke end exit 0 (scheduler smoke)
[2026-09-27T17:28:47Z] alpine chunkP01 start (concurrency 3, scheduler p1)
[2026-09-27T17:52:44Z] alpine chunkP01 end exit 0 (scheduler p1)
[2026-09-27T17:52:43Z] alpine chunkP02 start (concurrency 3, scheduler p1)
[2026-09-27T18:27:31Z] alpine chunkP02 end exit 0 (scheduler p1)
[2026-09-27T18:27:31Z] alpine chunkP03 start (concurrency 3, scheduler p1)
[2026-09-27T19:12:18Z] alpine chunkP03 end exit 0 (scheduler p1)
[2026-09-27T19:12:18Z] alpine chunkP04 start (concurrency 3, scheduler p1)
[2026-09-27T19:53:11Z] alpine chunkP04 end exit 0 (scheduler p1)
[2026-09-27T19:53:11Z] alpine chunkP05 start (concurrency 3, scheduler p1)
[2026-09-27T20:16:50Z] alpine chunkP05 end exit 0 (scheduler p1)
[2026-09-27T20:16:50Z] alpine chunkP06 start (concurrency 3, scheduler p1)
[2026-09-27T20:49:48Z] alpine chunkP06 end exit 0 (scheduler p1)
[2026-09-27T20:49:48Z] alpine chunkP07 start (concurrency 3, scheduler p1)
[2026-09-27T21:22:23Z] alpine chunkP07 end exit 0 (scheduler p1)
[2026-09-27T21:22:23Z] alpine chunkP08 start (concurrency 3, scheduler p1)
[2026-09-27T21:57:22Z] alpine chunkP08 end exit 0 (scheduler p1)
[2026-09-27T21:57:22Z] alpine chunkP09 start (concurrency 3, scheduler p1)
[2026-09-27T22:22:17Z] alpine chunkP09 end exit 0 (scheduler p1)
[2026-09-27T22:22:17Z] alpine chunkP10 start (concurrency 3, scheduler p1)
[2026-09-27T22:54:02Z] alpine chunkP10 end exit 0 (scheduler p1)
[2026-09-27T22:54:02Z] alpine chunkP11 start (concurrency 3, scheduler p1)
[2026-09-27T23:08:29Z] alpine chunkP11 end exit 0 (scheduler p1)
[2026-09-27T23:08:29Z] alpine chunkP12 start (concurrency 3, scheduler p1)
[2026-09-27T23:47:41Z] alpine chunkP12 end exit 0 (scheduler p1)
[2026-09-27T23:47:41Z] alpine chunkP13 start (concurrency 3, scheduler p1)
[2026-09-28T00:21:29Z] alpine chunkP13 end exit 0 (scheduler p1)
[2026-09-28T00:21:29Z] alpine chunkP14 start (concurrency 3, scheduler p1)
[2026-09-28T00:55:11Z] alpine chunkP14 end exit 0 (scheduler p1)
[2026-09-28T00:55:11Z] alpine chunkP15 start (concurrency 3, scheduler p1)
[2026-09-28T01:22:48Z] alpine chunkP15 end exit 0 (scheduler p1)
[2026-09-28T01:22:48Z] alpine chunkP16 start (concurrency 3, scheduler p1)
[2026-09-28T01:48:08Z] alpine chunkP16 end exit 0 (scheduler p1)
[2026-09-28T01:48:08Z] alpine chunkP17 start (concurrency 3, scheduler p1)
[2026-09-28T02:14:12Z] alpine chunkP17 end exit 0 (scheduler p1)
[2026-09-28T02:14:12Z] alpine chunkP18 start (concurrency 3, scheduler p1)
[2026-09-28T02:41:56Z] alpine chunkP18 end exit 0 (scheduler p1)
[2026-09-28T02:41:56Z] alpine pool scheduler p1: pool empty, exiting
[2026-09-28T02:42:34Z] alpine rerun-alpine start (concurrency 2, scheduler rerun)
[2026-09-28T02:46:55Z] alpine rerun-alpine end exit 0 (scheduler rerun)
[2026-09-28T02:46:55Z] reruns finished
